// Jest Snapshot v1, https://goo.gl/fbAQLP

exports[`<DataTable /> should render data as table 1`] = `
<div>
  <table
    class="css-1ivotix"
  >
    <thead
      data-testid="thead"
    >
      <tr>
        <th
          class="css-rc0p4j"
          data-testid="name"
        >
          이름
          <i
            class="css-trwj99"
          />
        </th>
        <th
          class="css-rc0p4j"
          data-testid="size"
        >
          크기
          <i
            class="css-fmrrrd"
          />
        </th>
      </tr>
    </thead>
    <tbody
      data-testid="tbody"
    >
      <tr>
        <td
          class="css-1g8ku9a"
        >
          foo
        </td>
        <td
          class="css-1g8ku9a"
        >
          10
        </td>
      </tr>
      <tr>
        <td
          class="css-1g8ku9a"
        >
          bar
        </td>
        <td
          class="css-1g8ku9a"
        >
          500
        </td>
      </tr>
      <tr>
        <td
          class="css-1g8ku9a"
        >
          baz
        </td>
        <td
          class="css-1g8ku9a"
        >
          1,000
        </td>
      </tr>
      <tr>
        <td
          class="css-1g8ku9a"
        >
          qux
        </td>
        <td
          class="css-1g8ku9a"
        >
          1,000,000
        </td>
      </tr>
    </tbody>
  </table>
</div>
`;
